COULD NOT LOAD RichDEM ENGINE! NOTHING WILL WORK!
================================================================================
对比简单观测 vs 增强观测的HBV率定结果
================================================================================

加载增强型观测的率定结果...
  ✓ NSE: -1.0571
  ✓ KGE: -0.4837
  ✓ Correlation: -0.2786

分段分析 (每30个时间步):
--------------------------------------------------------------------------------

时间步   0- 30:
  NSE:  -3.675
  相关系数:   0.700
  平均偏差:    71.2%
  观测均值:   39.94 m³/s
  模拟均值:   68.37 m³/s

时间步  30- 60:
  NSE:  -0.967
  相关系数:  -0.886
  平均偏差:   -40.4%
  观测均值:   75.19 m³/s
  模拟均值:   44.81 m³/s

时间步  60- 90:
  NSE:  -7.698
  相关系数:   0.947
  平均偏差:   -77.3%
  观测均值:  146.11 m³/s
  模拟均值:   33.15 m³/s

时间步  90-120:
  NSE:  -2.923
  相关系数:   0.826
  平均偏差:   -64.3%
  观测均值:   68.76 m³/s
  模拟均值:   24.52 m³/s

峰值响应分析:
--------------------------------------------------------------------------------
观测峰值: 216.81 m³/s (时间步 64)
模拟峰值: 167.41 m³/s (时间步 0)
峰值延迟: -64 小时
峰值比率: 0.77

退水特性分析 (后40个时间步):
--------------------------------------------------------------------------------
观测退水系数: -0.0371
模拟退水系数: -0.0101
退水差异: 0.0270
  -> HBV退水过慢（流量下降太慢）

生成详细对比图...
--------------------------------------------------------------------------------
  ✓ 保存: results/upper_truckee_complete_11steps/calibration_enhanced/detailed_diagnosis.png

================================================================================
诊断总结
================================================================================

【问题识别】
  ⚠ 初期响应偏差大: +59.6%
     -> HBV初期流量过高，可能是初始状态或快速径流参数问题
  ⚠ 峰值偏差: -22.8%
  ⚠ 退水特性不匹配:
     观测退水系数: -0.0371
     模拟退水系数: -0.0101

【可能原因】
  1. 增强型生成器和HBV虽然都有土壤水分和多层水库，但参数化方式不同
  2. 增强型生成器使用线性水库，HBV使用非线性退水
  3. 产流机制仍有差异：增强型基于土壤饱和度，HBV有更复杂的BETA参数
  4. 初始状态设置可能不合理

【建议改进】
  1. 调整增强型生成器的水库参数，使退水曲线更接近HBV
  2. 添加更多非线性特性到增强型生成器
  3. 使用更长的时间序列进行率定（当前仅120小时）
  4. 考虑使用实际观测数据而非合成数据

================================================================================
