COULD NOT LOAD RichDEM ENGINE! NOTHING WILL WORK!


================================================================================
Upper Truckee River 完整11步水文建模工作流
================================================================================

✓ 输入数据检查完成
✓ 输出目录: results/upper_truckee_complete_11steps


================================================================================
第1步：DEM处理和地形分析
================================================================================
  ✓ 生成DEM高程图: 1.1_dem_elevation.png
  ✓ 生成流向图: 1.2_flow_direction.png
  ✓ 生成流量累计图: 1.3_flow_accumulation.png
  ✓ 生成坡度图: 1.4_slope_map.png
  ✓ 保存地形统计: 1.5_terrain_statistics.csv
第1步完成：生成5个输出文件

================================================================================
第2步：汇水点生成（3个干流 + 3个支流，深度编码）
================================================================================
  ⚙ 分析流域结构...
  ✓ 识别出口点: (18, 416), 累计=122946, 流域面积=1559.61 km²
  ✓ 追溯主干流: 921个格网
  ✓ 选择3个干流汇水点（基于深度编号：Zone 1=最上游，Zone 3=最下游）
    - Zone 1: 累积=42065, 控制面积=533.61 km² (34.2%), depth=2
    - Zone 2: 累积=85748, 控制面积=1087.74 km² (69.7%), depth=1
    - Zone 3: 累积=122946, 控制面积=1559.61 km² (100.0%), depth=0
  ⚙ 为干流点1寻找最大支流...
    - 本分区流域范围: 42065个格网
    - 选择支流1t: 控制面积=140.00 km² (阈值=5.0%)
  ⚙ 为干流点2寻找最大支流...
    - 本分区流域范围: 43683个格网
    - 选择支流2t: 控制面积=176.95 km² (阈值=5.0%)
  ⚙ 为干流点3寻找最大支流...
    - 本分区流域范围: 37198个格网
    - 选择支流3t: 控制面积=163.41 km² (阈值=5.0%)
  ✓ 生成总共6个汇水点（3干流 + 3支流）
  ✅ 汇水点数量正确: 6个
  ✓ 生成结果报告: 2.4_generation_report.txt
  ✓ 保存汇水点GeoJSON: 2.1_pour_points.geojson
  ✓ 保存汇水点统计表: 2.2_pour_points_table.csv
/home/user/HydroSIS/scripts/workflows/run_upper_truckee_complete_11steps.py:655: RuntimeWarning: divide by zero encountered in log10
  flowacc_log = np.log10(flowacc + 1)
  ✓ 生成汇水点位置图: 2.3_pour_points_map.png
第2步完成：生成4个输出文件

================================================================================
第3步：参数分区和子流域划分
================================================================================
  ⚙ 运行基础流域划分...
  ✓ 构建流向网络: (884, 590)
  ✓ 成功划分6个基础子流域
  ⚙ 运行参数分区细化...
  ✓ 生成158个参数子区
  ✓ 生成6个参数区
  ⚙ 根据汇水点深度信息自动生成zone编号...
    - 汇水点ID=1, depth=2 -> Zone 1
    - 汇水点ID=2, depth=1 -> Zone 2
    - 汇水点ID=3, depth=0 -> Zone 3
  ⚙ 应用基于深度的分层编码...
  ✓ 重新编码158个子流域为基于深度的分层编码
  ⚙ 更新输出文件中的IDs...
  ✓ 更新GeoJSON和CSV文件中的ID引用
  ✓ 保存参数子流域: 3.2_parameter_subbasins.geojson
  ✓ 保存河道网络: 3.3_channel_network.geojson
  ✓ 保存子区统计: 3.4_subzone_statistics.csv
  ⚙ 生成可视化图片...
/home/user/HydroSIS/scripts/workflows/run_upper_truckee_complete_11steps.py:1100: MatplotlibDeprecationWarning: The get_cmap function was deprecated in Matplotlib 3.7 and will be removed in 3.11. Use ``matplotlib.colormaps[name]`` or ``matplotlib.colormaps.get_cmap()`` or ``pyplot.get_cmap()`` instead.
  cmap = cm.get_cmap('tab20', n_features)
  ✓ 生成子流域分区图 (158个子流域): 3.5_subbasin_map.png
  ✓ 生成参数分区图 (6个分区): 3.6_parameter_zones_map.png
/home/user/HydroSIS/scripts/workflows/run_upper_truckee_complete_11steps.py:1213: RuntimeWarning: divide by zero encountered in log10
  flowacc_log = np.log10(flowacc + 1)
  ✓ 生成河道网络图: 3.7_channel_network_map.png
  ✓ 加载158个子流域几何形状
  ✅ 参数分区数量正确: 6个
  ✓ 生成结果报告: 3.7_partition_report.txt
第3步完成：生成7个输出文件

✓ 加载6个子流域

================================================================================
第4步：河道断面提取
================================================================================
  ⚙ 提取河道断面 (间距=500.0m, 半宽=150.0m)...
  ✓ 提取222断面: 5个
  ✓ 提取231断面: 1个
  ✓ 提取236断面: 1个
  ✓ 提取216断面: 30个
  ✓ 提取217断面: 12个
  ✓ 提取218断面: 2个
  ✓ 提取219断面: 28个
  ✓ 提取220断面: 5个
  ✓ 提取223断面: 26个
  ✓ 提取225断面: 3个
  ✓ 提取226断面: 29个
  ✓ 提取227断面: 20个
  ✓ 提取207断面: 6个
  ✓ 提取214断面: 6个
  ✓ 提取229断面: 5个
  ✓ 提取230断面: 2个
  ✓ 提取112断面: 16个
  ✓ 提取114断面: 10个
  ✓ 提取206断面: 15个
  ✓ 提取210断面: 7个
  ✓ 提取212断面: 14个
  ✓ 提取215断面: 5个
  ✓ 提取237断面: 12个
  ✓ 提取105断面: 6个
  ✓ 提取108断面: 10个
  ✓ 提取316断面: 11个
  ✓ 提取205断面: 2个
  ✓ 提取209断面: 22个
  ✓ 提取221断面: 7个
  ✓ 提取234断面: 2个
  ✓ 提取235断面: 1个
  ✓ 提取238断面: 20个
  ✓ 提取239断面: 11个
  ✓ 提取421断面: 5个
  ✓ 提取104断面: 1个
  ✓ 提取307断面: 5个
  ✓ 提取317断面: 12个
  ✓ 提取204断面: 13个
  ✓ 提取208断面: 15个
  ✓ 提取213断面: 8个
  ✓ 提取228断面: 4个
  ✓ 提取416断面: 1个
  ✓ 提取419断面: 1个
  ✓ 提取436断面: 1个
  ✓ 提取103断面: 1个
  ✓ 提取107断面: 10个
  ✓ 提取110断面: 9个
  ✓ 提取111断面: 9个
  ✓ 提取113断面: 2个
  ✓ 提取306断面: 7个
  ✓ 提取308断面: 1个
  ✓ 提取309断面: 8个
  ✓ 提取312断面: 4个
  ✓ 提取313断面: 2个
  ✓ 提取203断面: 4个
  ✓ 提取224断面: 16个
  ✓ 提取233断面: 5个
  ✓ 提取414断面: 8个
  ✓ 提取427断面: 1个
  ✓ 提取429断面: 1个
  ✓ 提取430断面: 1个
  ✓ 提取102断面: 19个
  ✓ 提取106断面: 7个
  ✓ 提取109断面: 17个
  ✓ 提取304断面: 5个
  ✓ 提取310断面: 9个
  ✓ 提取314断面: 1个
  ✓ 提取202断面: 4个
  ✓ 提取211断面: 11个
  ✓ 提取232断面: 3个
  ✓ 提取240断面: 1个
  ✓ 提取413断面: 1个
  ✓ 提取417断面: 11个
  ✓ 提取101断面: 1个
  ✓ 提取303断面: 10个
  ✓ 提取305断面: 7个
  ✓ 提取311断面: 5个
  ✓ 提取201断面: 2个
  ✓ 提取412断面: 3个
  ✓ 提取415断面: 154个
  ✓ 提取302断面: 18个
  ✓ 提取315断面: 15个
  ✓ 提取318断面: 1个
  ✓ 提取406断面: 7个
  ✓ 提取411断面: 7个
  ✓ 提取426断面: 2个
  ✓ 提取433断面: 6个
  ✓ 提取434断面: 12个
  ✓ 提取437断面: 3个
  ✓ 提取438断面: 5个
  ✓ 提取301断面: 4个
  ✓ 提取405断面: 13个
  ✓ 提取410断面: 7个
  ✓ 提取418断面: 12个
  ✓ 提取420断面: 4个
  ✓ 提取423断面: 1个
  ✓ 提取404断面: 4个
  ✓ 提取409断面: 12个
  ✓ 提取432断面: 15个
  ✓ 提取435断面: 3个
  ✓ 提取403断面: 1个
  ✓ 提取408断面: 6个
  ✓ 提取428断面: 1个
  ✓ 提取623断面: 8个
  ✓ 提取402断面: 17个
  ✓ 提取407断面: 1个
  ✓ 提取422断面: 5个
  ✓ 提取424断面: 26个
  ✓ 提取425断面: 13个
  ✓ 提取431断面: 12个
  ✓ 提取620断面: 4个
  ✓ 提取509断面: 14个
  ✓ 提取512断面: 1个
  ✓ 提取515断面: 9个
  ✓ 提取401断面: 1个
  ✓ 提取615断面: 6个
  ✓ 提取624断面: 11个
  ✓ 提取506断面: 10个
  ✓ 提取507断面: 13个
  ✓ 提取516断面: 8个
  ✓ 提取612断面: 9个
  ✓ 提取613断面: 1个
  ✓ 提取505断面: 4个
  ✓ 提取514断面: 1个
  ✓ 提取611断面: 13个
  ✓ 提取627断面: 12个
  ✓ 提取629断面: 5个
  ✓ 提取504断面: 3个
  ✓ 提取508断面: 13个
  ✓ 提取511断面: 9个
  ✓ 提取610断面: 5个
  ✓ 提取622断面: 4个
  ✓ 提取503断面: 1个
  ✓ 提取513断面: 1个
  ✓ 提取609断面: 1个
  ✓ 提取618断面: 8个
  ✓ 提取502断面: 9个
  ✓ 提取510断面: 9个
  ✓ 提取517断面: 3个
  ✓ 提取608断面: 5个
  ✓ 提取631断面: 1个
  ✓ 提取501断面: 2个
  ✓ 提取607断面: 12个
  ✓ 提取606断面: 4个
  ✓ 提取625断面: 1个
  ✓ 提取605断面: 10个
  ✓ 提取616断面: 9个
  ✓ 提取604断面: 18个
  ✓ 提取614断面: 15个
  ✓ 提取626断面: 9个
  ✓ 提取630断面: 6个
  ✓ 提取603断面: 1个
  ✓ 提取619断面: 6个
  ✓ 提取602断面: 28个
  ✓ 提取617断面: 25个
  ✓ 提取621断面: 14个
  ✓ 提取628断面: 9个
  ✓ 提取601断面: 1个
第4步完成：生成158个断面文件

================================================================================
第5步：雨量站分布图生成
================================================================================
  ✓ 配置10个合成雨量站
  ✓ 随机种子: 42
第5步完成：雨量站配置完成

================================================================================
第6-8步：雨量处理（序列生成+泰森多边形+面雨量计算）
================================================================================
  ✓ 加载158个参数子区
  ✓ 生成基础降雨序列：120小时，总雨量900.0mm
  ⚙ 生成10个合成雨量站...
  ✓ 生成10个雨量站
  ✓ 雨量站序列: 6.1_rain_gauge_forcing.csv
  ✓ 泰森多边形: 7.1_thiessen_polygons.geojson
  ✓ 雨量站位置: 7.2_gauge_locations.geojson
  ✓ 参数区面雨量: 8.1_parameter_areal_precipitation.csv
  ✓ 子流域面雨量: 8.2_subbasin_areal_precipitation.csv
  ✓ 流域平均雨量: 8.3_basin_average_precipitation.csv
  ✓ 雨量站时间序列图: 6.2_gauge_timeseries_sample.png
/home/user/HydroSIS/scripts/workflows/run_upper_truckee_complete_11steps.py:1715: UserWarning: No artists with labels found to put in legend.  Note that artists whose label start with an underscore are ignored when legend() is called with no argument.
  ax.legend(loc='best', fontsize=10)
  ✓ 子流域雨量过程图: 8.4_subbasin_precipitation_hyetograph.png
  ✓ 流域雨量过程图: 8.5_basin_precipitation_hyetograph.png
第6-8步完成：生成9个输出文件

================================================================================
第9-10步：水文水动力模拟
================================================================================
  ✓ 使用率定后的HBV参数
  ✓ HBV参数: FC=258.12, BETA=3.00, K0=0.050, K1=0.010, K2=0.017, PERC=5.00
  ⚙ 配置完成（正确的概念模型）：
     - 产流模型库: 2个
     - 汇流模型库: 1个
     - 参数区（率定单元）: 6个 [提供参数]
     - 子流域（计算单元）: 158个 [用于降水和产汇流计算]
  ℹ 概念：158个子流域分组在6个参数区下，参数区提供模型参数
  ⚙ 运行水文水动力模拟...
  ✓ 模拟完成
  ✓ 保存流量时间序列: 10.1_discharge_timeseries.csv
  ✓ 保存统计表: 10.2_discharge_statistics.csv
  ✓ 生成流量过程图: 10.3_discharge_hydrographs.png
第9-10步完成：生成3个输出文件

================================================================================
第11步：生成结果报告
================================================================================
  ✓ 生成工作流报告: 11.1_workflow_report.md
  ✓ 生成文件索引: 11.2_file_index.csv
第11步完成：生成2个输出文件

================================================================================
✅ 全部11个步骤完成！总输出文件数: 186
📁 结果目录: results/upper_truckee_complete_11steps
📄 工作流报告: results/upper_truckee_complete_11steps/step_11_final_report/11.1_workflow_report.md
================================================================================
